Analysis & Synthesis report for lab3
Mon Mar 12 19:24:40 2018
Quartus II 64-Bit Version 15.0.0 Build 145 04/22/2015 SJ Web Edition


---------------------
; Table of Contents ;
---------------------
  1. Legal Notice
  2. Analysis & Synthesis Summary
  3. Analysis & Synthesis Settings
  4. Parallel Compilation
  5. Analysis & Synthesis Source Files Read
  6. Analysis & Synthesis Resource Usage Summary
  7. Analysis & Synthesis Resource Utilization by Entity
  8. Registers Removed During Synthesis
  9. General Register Statistics
 10. Parameter Settings for User Entity Instance: var_clk:clockGenerator|pclock:counter_10MHz
 11. Parameter Settings for User Entity Instance: var_clk:clockGenerator|pclock:counter_1MHz
 12. Parameter Settings for User Entity Instance: var_clk:clockGenerator|pclock:counter_100kHz
 13. Parameter Settings for User Entity Instance: var_clk:clockGenerator|pclock:counter_10kHz
 14. Parameter Settings for User Entity Instance: var_clk:clockGenerator|pclock:counter_1kHz
 15. Parameter Settings for User Entity Instance: var_clk:clockGenerator|pclock:counter_100Hz
 16. Parameter Settings for User Entity Instance: var_clk:clockGenerator|pclock:counter_10Hz
 17. Parameter Settings for User Entity Instance: var_clk:clockGenerator|pclock:counter_1Hz
 18. Port Connectivity Checks: "var_clk:clockGenerator|pclock:counter_1Hz"
 19. Port Connectivity Checks: "var_clk:clockGenerator|pclock:counter_10MHz"
 20. Port Connectivity Checks: "lab3:theLab|tcounter:centicounter"
 21. Port Connectivity Checks: "lab3:theLab"
 22. Post-Synthesis Netlist Statistics for Top Partition
 23. Elapsed Time Per Partition
 24. Analysis & Synthesis Messages



----------------
; Legal Notice ;
----------------
Copyright (C) 1991-2015 Altera Corporation. All rights reserved.
Your use of Altera Corporation's design tools, logic functions 
and other software and tools, and its AMPP partner logic 
functions, and any output files from any of the foregoing 
(including device programming or simulation files), and any 
associated documentation or information are expressly subject 
to the terms and conditions of the Altera Program License 
Subscription Agreement, the Altera Quartus II License Agreement,
the Altera MegaCore Function License Agreement, or other 
applicable license agreement, including, without limitation, 
that your use is for the sole purpose of programming logic 
devices manufactured by Altera and sold by Altera or its 
authorized distributors.  Please refer to the applicable 
agreement for further details.



+------------------------------------------------------------------------------+
; Analysis & Synthesis Summary                                                 ;
+---------------------------------+--------------------------------------------+
; Analysis & Synthesis Status     ; Successful - Mon Mar 12 19:24:40 2018      ;
; Quartus II 64-Bit Version       ; 15.0.0 Build 145 04/22/2015 SJ Web Edition ;
; Revision Name                   ; lab3                                       ;
; Top-level Entity Name           ; lab3_top                                   ;
; Family                          ; Cyclone V                                  ;
; Logic utilization (in ALMs)     ; N/A                                        ;
; Total registers                 ; 52                                         ;
; Total pins                      ; 68                                         ;
; Total virtual pins              ; 0                                          ;
; Total block memory bits         ; 0                                          ;
; Total DSP Blocks                ; 0                                          ;
; Total HSSI RX PCSs              ; 0                                          ;
; Total HSSI PMA RX Deserializers ; 0                                          ;
; Total HSSI TX PCSs              ; 0                                          ;
; Total HSSI PMA TX Serializers   ; 0                                          ;
; Total PLLs                      ; 0                                          ;
; Total DLLs                      ; 0                                          ;
+---------------------------------+--------------------------------------------+


+---------------------------------------------------------------------------------------------------------------------------+
; Analysis & Synthesis Settings                                                                                             ;
+---------------------------------------------------------------------------------+--------------------+--------------------+
; Option                                                                          ; Setting            ; Default Value      ;
+---------------------------------------------------------------------------------+--------------------+--------------------+
; Device                                                                          ; 5CEBA4F23C7        ;                    ;
; Top-level entity name                                                           ; lab3_top           ; lab3               ;
; Family name                                                                     ; Cyclone V          ; Cyclone V          ;
; Use smart compilation                                                           ; Off                ; Off                ;
; Enable parallel Assembler and TimeQuest Timing Analyzer during compilation      ; On                 ; On                 ;
; Enable compact report table                                                     ; Off                ; Off                ;
; Restructure Multiplexers                                                        ; Auto               ; Auto               ;
; MLAB Add Timing Constraints For Mixed-Port Feed-Through Mode Setting Don't Care ; Off                ; Off                ;
; Create Debugging Nodes for IP Cores                                             ; Off                ; Off                ;
; Preserve fewer node names                                                       ; On                 ; On                 ;
; Disable OpenCore Plus hardware evaluation                                       ; Off                ; Off                ;
; Verilog Version                                                                 ; Verilog_2001       ; Verilog_2001       ;
; VHDL Version                                                                    ; VHDL_1993          ; VHDL_1993          ;
; State Machine Processing                                                        ; Auto               ; Auto               ;
; Safe State Machine                                                              ; Off                ; Off                ;
; Extract Verilog State Machines                                                  ; On                 ; On                 ;
; Extract VHDL State Machines                                                     ; On                 ; On                 ;
; Ignore Verilog initial constructs                                               ; Off                ; Off                ;
; Iteration limit for constant Verilog loops                                      ; 5000               ; 5000               ;
; Iteration limit for non-constant Verilog loops                                  ; 250                ; 250                ;
; Add Pass-Through Logic to Inferred RAMs                                         ; On                 ; On                 ;
; Infer RAMs from Raw Logic                                                       ; On                 ; On                 ;
; Parallel Synthesis                                                              ; On                 ; On                 ;
; DSP Block Balancing                                                             ; Auto               ; Auto               ;
; NOT Gate Push-Back                                                              ; On                 ; On                 ;
; Power-Up Don't Care                                                             ; On                 ; On                 ;
; Remove Redundant Logic Cells                                                    ; Off                ; Off                ;
; Remove Duplicate Registers                                                      ; On                 ; On                 ;
; Ignore CARRY Buffers                                                            ; Off                ; Off                ;
; Ignore CASCADE Buffers                                                          ; Off                ; Off                ;
; Ignore GLOBAL Buffers                                                           ; Off                ; Off                ;
; Ignore ROW GLOBAL Buffers                                                       ; Off                ; Off                ;
; Ignore LCELL Buffers                                                            ; Off                ; Off                ;
; Ignore SOFT Buffers                                                             ; On                 ; On                 ;
; Limit AHDL Integers to 32 Bits                                                  ; Off                ; Off                ;
; Optimization Technique                                                          ; Balanced           ; Balanced           ;
; Carry Chain Length                                                              ; 70                 ; 70                 ;
; Auto Carry Chains                                                               ; On                 ; On                 ;
; Auto Open-Drain Pins                                                            ; On                 ; On                 ;
; Perform WYSIWYG Primitive Resynthesis                                           ; Off                ; Off                ;
; Auto ROM Replacement                                                            ; On                 ; On                 ;
; Auto RAM Replacement                                                            ; On                 ; On                 ;
; Auto DSP Block Replacement                                                      ; On                 ; On                 ;
; Auto Shift Register Replacement                                                 ; Auto               ; Auto               ;
; Allow Shift Register Merging across Hierarchies                                 ; Auto               ; Auto               ;
; Auto Clock Enable Replacement                                                   ; On                 ; On                 ;
; Strict RAM Replacement                                                          ; Off                ; Off                ;
; Allow Synchronous Control Signals                                               ; On                 ; On                 ;
; Force Use of Synchronous Clear Signals                                          ; Off                ; Off                ;
; Auto Resource Sharing                                                           ; Off                ; Off                ;
; Allow Any RAM Size For Recognition                                              ; Off                ; Off                ;
; Allow Any ROM Size For Recognition                                              ; Off                ; Off                ;
; Allow Any Shift Register Size For Recognition                                   ; Off                ; Off                ;
; Use LogicLock Constraints during Resource Balancing                             ; On                 ; On                 ;
; Ignore translate_off and synthesis_off directives                               ; Off                ; Off                ;
; Timing-Driven Synthesis                                                         ; On                 ; On                 ;
; Report Parameter Settings                                                       ; On                 ; On                 ;
; Report Source Assignments                                                       ; On                 ; On                 ;
; Report Connectivity Checks                                                      ; On                 ; On                 ;
; Ignore Maximum Fan-Out Assignments                                              ; Off                ; Off                ;
; Synchronization Register Chain Length                                           ; 3                  ; 3                  ;
; PowerPlay Power Optimization During Synthesis                                   ; Normal compilation ; Normal compilation ;
; HDL message level                                                               ; Level2             ; Level2             ;
; Suppress Register Optimization Related Messages                                 ; Off                ; Off                ;
; Number of Removed Registers Reported in Synthesis Report                        ; 5000               ; 5000               ;
; Number of Swept Nodes Reported in Synthesis Report                              ; 5000               ; 5000               ;
; Number of Inverted Registers Reported in Synthesis Report                       ; 100                ; 100                ;
; Clock MUX Protection                                                            ; On                 ; On                 ;
; Auto Gated Clock Conversion                                                     ; Off                ; Off                ;
; Block Design Naming                                                             ; Auto               ; Auto               ;
; SDC constraint protection                                                       ; Off                ; Off                ;
; Synthesis Effort                                                                ; Auto               ; Auto               ;
; Shift Register Replacement - Allow Asynchronous Clear Signal                    ; On                 ; On                 ;
; Pre-Mapping Resynthesis Optimization                                            ; Off                ; Off                ;
; Analysis & Synthesis Message Level                                              ; Medium             ; Medium             ;
; Disable Register Merging Across Hierarchies                                     ; Auto               ; Auto               ;
; Resource Aware Inference For Block RAM                                          ; On                 ; On                 ;
; Synthesis Seed                                                                  ; 1                  ; 1                  ;
; Automatic Parallel Synthesis                                                    ; On                 ; On                 ;
; Partial Reconfiguration Bitstream ID                                            ; Off                ; Off                ;
+---------------------------------------------------------------------------------+--------------------+--------------------+


+------------------------------------------+
; Parallel Compilation                     ;
+----------------------------+-------------+
; Processors                 ; Number      ;
+----------------------------+-------------+
; Number detected on machine ; 4           ;
; Maximum allowed            ; 2           ;
;                            ;             ;
; Average used               ; 1.00        ;
; Maximum used               ; 1           ;
;                            ;             ;
; Usage by Processor         ; % Time Used ;
;     Processor 1            ; 100.0%      ;
;     Processors 2-4         ;   0.0%      ;
+----------------------------+-------------+


+----------------------------------------------------------------------------------------------------------------------------------------------------------------------+
; Analysis & Synthesis Source Files Read                                                                                                                               ;
+----------------------------------+-----------------+------------------------+------------------------------------------------------------------------------+---------+
; File Name with User-Entered Path ; Used in Netlist ; File Type              ; File Name with Absolute Path                                                 ; Library ;
+----------------------------------+-----------------+------------------------+------------------------------------------------------------------------------+---------+
; treg4bit.v                       ; yes             ; User Verilog HDL File  ; C:/Users/frill/Documents/misc_sem2/ece2300_labs/lab3/lab3/treg4bit.v         ;         ;
; tffp.v                           ; yes             ; User Verilog HDL File  ; C:/Users/frill/Documents/misc_sem2/ece2300_labs/lab3/lab3/tffp.v             ;         ;
; hex_to_seven_seg.v               ; yes             ; User Verilog HDL File  ; C:/Users/frill/Documents/misc_sem2/ece2300_labs/lab3/lab3/hex_to_seven_seg.v ;         ;
; lab3.v                           ; yes             ; User Verilog HDL File  ; C:/Users/frill/Documents/misc_sem2/ece2300_labs/lab3/lab3/lab3.v             ;         ;
; var_clk.v                        ; yes             ; User Verilog HDL File  ; C:/Users/frill/Documents/misc_sem2/ece2300_labs/lab3/lab3/var_clk.v          ;         ;
; lab3_top.v                       ; yes             ; User Verilog HDL File  ; C:/Users/frill/Documents/misc_sem2/ece2300_labs/lab3/lab3/lab3_top.v         ;         ;
; tcounter.v                       ; yes             ; User Verilog HDL File  ; C:/Users/frill/Documents/misc_sem2/ece2300_labs/lab3/lab3/tcounter.v         ;         ;
+----------------------------------+-----------------+------------------------+------------------------------------------------------------------------------+---------+


+-----------------------------------------------------------+
; Analysis & Synthesis Resource Usage Summary               ;
+---------------------------------------------+-------------+
; Resource                                    ; Usage       ;
+---------------------------------------------+-------------+
; Estimate of Logic utilization (ALMs needed) ; 69          ;
;                                             ;             ;
; Combinational ALUT usage for logic          ; 121         ;
;     -- 7 input functions                    ; 3           ;
;     -- 6 input functions                    ; 14          ;
;     -- 5 input functions                    ; 11          ;
;     -- 4 input functions                    ; 75          ;
;     -- <=3 input functions                  ; 18          ;
;                                             ;             ;
; Dedicated logic registers                   ; 52          ;
;                                             ;             ;
; I/O pins                                    ; 68          ;
;                                             ;             ;
; Total DSP Blocks                            ; 0           ;
;                                             ;             ;
; Maximum fan-out node                        ; CLK50~input ;
; Maximum fan-out                             ; 32          ;
; Total fan-out                               ; 746         ;
; Average fan-out                             ; 2.41        ;
+---------------------------------------------+-------------+


+---------------------------------------------------------------------------------------------------------------------------------------------------------------------------------------------------------------------------+
; Analysis & Synthesis Resource Utilization by Entity                                                                                                                                                                       ;
+---------------------------------------+-------------------+--------------+-------------------+------------+------+--------------+--------------------------------------------------------------------------+--------------+
; Compilation Hierarchy Node            ; LC Combinationals ; LC Registers ; Block Memory Bits ; DSP Blocks ; Pins ; Virtual Pins ; Full Hierarchy Name                                                      ; Library Name ;
+---------------------------------------+-------------------+--------------+-------------------+------------+------+--------------+--------------------------------------------------------------------------+--------------+
; |lab3_top                             ; 121 (0)           ; 52 (0)       ; 0                 ; 0          ; 68   ; 0            ; |lab3_top                                                                ; work         ;
;    |hex_to_seven_seg:centisecDisplay| ; 7 (7)             ; 0 (0)        ; 0                 ; 0          ; 0    ; 0            ; |lab3_top|hex_to_seven_seg:centisecDisplay                               ; work         ;
;    |hex_to_seven_seg:decisecDisplay|  ; 7 (7)             ; 0 (0)        ; 0                 ; 0          ; 0    ; 0            ; |lab3_top|hex_to_seven_seg:decisecDisplay                                ; work         ;
;    |hex_to_seven_seg:minDisplay|      ; 7 (7)             ; 0 (0)        ; 0                 ; 0          ; 0    ; 0            ; |lab3_top|hex_to_seven_seg:minDisplay                                    ; work         ;
;    |hex_to_seven_seg:secDisplay|      ; 7 (7)             ; 0 (0)        ; 0                 ; 0          ; 0    ; 0            ; |lab3_top|hex_to_seven_seg:secDisplay                                    ; work         ;
;    |hex_to_seven_seg:tensecDisplay|   ; 7 (7)             ; 0 (0)        ; 0                 ; 0          ; 0    ; 0            ; |lab3_top|hex_to_seven_seg:tensecDisplay                                 ; work         ;
;    |lab3:theLab|                      ; 33 (9)            ; 20 (0)       ; 0                 ; 0          ; 0    ; 0            ; |lab3_top|lab3:theLab                                                    ; work         ;
;       |tcounter:centicounter|         ; 4 (0)             ; 4 (0)        ; 0                 ; 0          ; 0    ; 0            ; |lab3_top|lab3:theLab|tcounter:centicounter                              ; work         ;
;          |treg4bit:register|          ; 4 (0)             ; 4 (0)        ; 0                 ; 0          ; 0    ; 0            ; |lab3_top|lab3:theLab|tcounter:centicounter|treg4bit:register            ; work         ;
;             |tffp:tffp0|              ; 1 (1)             ; 1 (1)        ; 0                 ; 0          ; 0    ; 0            ; |lab3_top|lab3:theLab|tcounter:centicounter|treg4bit:register|tffp:tffp0 ; work         ;
;             |tffp:tffp1|              ; 1 (1)             ; 1 (1)        ; 0                 ; 0          ; 0    ; 0            ; |lab3_top|lab3:theLab|tcounter:centicounter|treg4bit:register|tffp:tffp1 ; work         ;
;             |tffp:tffp2|              ; 1 (1)             ; 1 (1)        ; 0                 ; 0          ; 0    ; 0            ; |lab3_top|lab3:theLab|tcounter:centicounter|treg4bit:register|tffp:tffp2 ; work         ;
;             |tffp:tffp3|              ; 1 (1)             ; 1 (1)        ; 0                 ; 0          ; 0    ; 0            ; |lab3_top|lab3:theLab|tcounter:centicounter|treg4bit:register|tffp:tffp3 ; work         ;
;       |tcounter:decicounter|          ; 5 (1)             ; 4 (0)        ; 0                 ; 0          ; 0    ; 0            ; |lab3_top|lab3:theLab|tcounter:decicounter                               ; work         ;
;          |treg4bit:register|          ; 4 (0)             ; 4 (0)        ; 0                 ; 0          ; 0    ; 0            ; |lab3_top|lab3:theLab|tcounter:decicounter|treg4bit:register             ; work         ;
;             |tffp:tffp0|              ; 1 (1)             ; 1 (1)        ; 0                 ; 0          ; 0    ; 0            ; |lab3_top|lab3:theLab|tcounter:decicounter|treg4bit:register|tffp:tffp0  ; work         ;
;             |tffp:tffp1|              ; 1 (1)             ; 1 (1)        ; 0                 ; 0          ; 0    ; 0            ; |lab3_top|lab3:theLab|tcounter:decicounter|treg4bit:register|tffp:tffp1  ; work         ;
;             |tffp:tffp2|              ; 1 (1)             ; 1 (1)        ; 0                 ; 0          ; 0    ; 0            ; |lab3_top|lab3:theLab|tcounter:decicounter|treg4bit:register|tffp:tffp2  ; work         ;
;             |tffp:tffp3|              ; 1 (1)             ; 1 (1)        ; 0                 ; 0          ; 0    ; 0            ; |lab3_top|lab3:theLab|tcounter:decicounter|treg4bit:register|tffp:tffp3  ; work         ;
;       |tcounter:mincounter|           ; 4 (0)             ; 4 (0)        ; 0                 ; 0          ; 0    ; 0            ; |lab3_top|lab3:theLab|tcounter:mincounter                                ; work         ;
;          |treg4bit:register|          ; 4 (0)             ; 4 (0)        ; 0                 ; 0          ; 0    ; 0            ; |lab3_top|lab3:theLab|tcounter:mincounter|treg4bit:register              ; work         ;
;             |tffp:tffp0|              ; 1 (1)             ; 1 (1)        ; 0                 ; 0          ; 0    ; 0            ; |lab3_top|lab3:theLab|tcounter:mincounter|treg4bit:register|tffp:tffp0   ; work         ;
;             |tffp:tffp1|              ; 1 (1)             ; 1 (1)        ; 0                 ; 0          ; 0    ; 0            ; |lab3_top|lab3:theLab|tcounter:mincounter|treg4bit:register|tffp:tffp1   ; work         ;
;             |tffp:tffp2|              ; 1 (1)             ; 1 (1)        ; 0                 ; 0          ; 0    ; 0            ; |lab3_top|lab3:theLab|tcounter:mincounter|treg4bit:register|tffp:tffp2   ; work         ;
;             |tffp:tffp3|              ; 1 (1)             ; 1 (1)        ; 0                 ; 0          ; 0    ; 0            ; |lab3_top|lab3:theLab|tcounter:mincounter|treg4bit:register|tffp:tffp3   ; work         ;
;       |tcounter:seccounter|           ; 6 (0)             ; 4 (0)        ; 0                 ; 0          ; 0    ; 0            ; |lab3_top|lab3:theLab|tcounter:seccounter                                ; work         ;
;          |treg4bit:register|          ; 6 (0)             ; 4 (0)        ; 0                 ; 0          ; 0    ; 0            ; |lab3_top|lab3:theLab|tcounter:seccounter|treg4bit:register              ; work         ;
;             |tffp:tffp0|              ; 1 (1)             ; 1 (1)        ; 0                 ; 0          ; 0    ; 0            ; |lab3_top|lab3:theLab|tcounter:seccounter|treg4bit:register|tffp:tffp0   ; work         ;
;             |tffp:tffp1|              ; 1 (1)             ; 1 (1)        ; 0                 ; 0          ; 0    ; 0            ; |lab3_top|lab3:theLab|tcounter:seccounter|treg4bit:register|tffp:tffp1   ; work         ;
;             |tffp:tffp2|              ; 2 (2)             ; 1 (1)        ; 0                 ; 0          ; 0    ; 0            ; |lab3_top|lab3:theLab|tcounter:seccounter|treg4bit:register|tffp:tffp2   ; work         ;
;             |tffp:tffp3|              ; 2 (2)             ; 1 (1)        ; 0                 ; 0          ; 0    ; 0            ; |lab3_top|lab3:theLab|tcounter:seccounter|treg4bit:register|tffp:tffp3   ; work         ;
;       |tcounter:tencounter|           ; 5 (1)             ; 4 (0)        ; 0                 ; 0          ; 0    ; 0            ; |lab3_top|lab3:theLab|tcounter:tencounter                                ; work         ;
;          |treg4bit:register|          ; 4 (0)             ; 4 (0)        ; 0                 ; 0          ; 0    ; 0            ; |lab3_top|lab3:theLab|tcounter:tencounter|treg4bit:register              ; work         ;
;             |tffp:tffp0|              ; 1 (1)             ; 1 (1)        ; 0                 ; 0          ; 0    ; 0            ; |lab3_top|lab3:theLab|tcounter:tencounter|treg4bit:register|tffp:tffp0   ; work         ;
;             |tffp:tffp1|              ; 1 (1)             ; 1 (1)        ; 0                 ; 0          ; 0    ; 0            ; |lab3_top|lab3:theLab|tcounter:tencounter|treg4bit:register|tffp:tffp1   ; work         ;
;             |tffp:tffp2|              ; 1 (1)             ; 1 (1)        ; 0                 ; 0          ; 0    ; 0            ; |lab3_top|lab3:theLab|tcounter:tencounter|treg4bit:register|tffp:tffp2   ; work         ;
;             |tffp:tffp3|              ; 1 (1)             ; 1 (1)        ; 0                 ; 0          ; 0    ; 0            ; |lab3_top|lab3:theLab|tcounter:tencounter|treg4bit:register|tffp:tffp3   ; work         ;
;    |var_clk:clockGenerator|           ; 53 (2)            ; 32 (1)       ; 0                 ; 0          ; 0    ; 0            ; |lab3_top|var_clk:clockGenerator                                         ; work         ;
;       |pclock:counter_100Hz|          ; 7 (7)             ; 4 (4)        ; 0                 ; 0          ; 0    ; 0            ; |lab3_top|var_clk:clockGenerator|pclock:counter_100Hz                    ; work         ;
;       |pclock:counter_100kHz|         ; 7 (7)             ; 4 (4)        ; 0                 ; 0          ; 0    ; 0            ; |lab3_top|var_clk:clockGenerator|pclock:counter_100kHz                   ; work         ;
;       |pclock:counter_10Hz|           ; 6 (6)             ; 4 (4)        ; 0                 ; 0          ; 0    ; 0            ; |lab3_top|var_clk:clockGenerator|pclock:counter_10Hz                     ; work         ;
;       |pclock:counter_10MHz|          ; 5 (5)             ; 3 (3)        ; 0                 ; 0          ; 0    ; 0            ; |lab3_top|var_clk:clockGenerator|pclock:counter_10MHz                    ; work         ;
;       |pclock:counter_10kHz|          ; 7 (7)             ; 4 (4)        ; 0                 ; 0          ; 0    ; 0            ; |lab3_top|var_clk:clockGenerator|pclock:counter_10kHz                    ; work         ;
;       |pclock:counter_1Hz|            ; 5 (5)             ; 4 (4)        ; 0                 ; 0          ; 0    ; 0            ; |lab3_top|var_clk:clockGenerator|pclock:counter_1Hz                      ; work         ;
;       |pclock:counter_1MHz|           ; 7 (7)             ; 4 (4)        ; 0                 ; 0          ; 0    ; 0            ; |lab3_top|var_clk:clockGenerator|pclock:counter_1MHz                     ; work         ;
;       |pclock:counter_1kHz|           ; 7 (7)             ; 4 (4)        ; 0                 ; 0          ; 0    ; 0            ; |lab3_top|var_clk:clockGenerator|pclock:counter_1kHz                     ; work         ;
+---------------------------------------+-------------------+--------------+-------------------+------------+------+--------------+--------------------------------------------------------------------------+--------------+
Note: For table entries with two numbers listed, the numbers in parentheses indicate the number of resources of the given type used by the specific entity alone. The numbers listed outside of parentheses indicate the total resources of the given type used by the specific entity and all of its sub-entities in the hierarchy.


+-----------------------------------------------------------------------------------------------+
; Registers Removed During Synthesis                                                            ;
+------------------------------------------------------+----------------------------------------+
; Register name                                        ; Reason for Removal                     ;
+------------------------------------------------------+----------------------------------------+
; var_clk:clockGenerator|pclock:counter_10MHz|count[3] ; Stuck at GND due to stuck port data_in ;
; Total Number of Removed Registers = 1                ;                                        ;
+------------------------------------------------------+----------------------------------------+


+------------------------------------------------------+
; General Register Statistics                          ;
+----------------------------------------------+-------+
; Statistic                                    ; Value ;
+----------------------------------------------+-------+
; Total registers                              ; 52    ;
; Number of registers using Synchronous Clear  ; 0     ;
; Number of registers using Synchronous Load   ; 0     ;
; Number of registers using Asynchronous Clear ; 0     ;
; Number of registers using Asynchronous Load  ; 0     ;
; Number of registers using Clock Enable       ; 28    ;
; Number of registers using Preset             ; 0     ;
+----------------------------------------------+-------+


+------------------------------------------------------------------------------------------+
; Parameter Settings for User Entity Instance: var_clk:clockGenerator|pclock:counter_10MHz ;
+----------------+-------+-----------------------------------------------------------------+
; Parameter Name ; Value ; Type                                                            ;
+----------------+-------+-----------------------------------------------------------------+
; NCYCLES        ; 5     ; Signed Integer                                                  ;
+----------------+-------+-----------------------------------------------------------------+
Note: In order to hide this table in the UI and the text report file, please set the "Show Parameter Settings in Synthesis Report" option in "Analysis and Synthesis Settings -> More Settings" to "Off".


+-----------------------------------------------------------------------------------------+
; Parameter Settings for User Entity Instance: var_clk:clockGenerator|pclock:counter_1MHz ;
+----------------+-------+----------------------------------------------------------------+
; Parameter Name ; Value ; Type                                                           ;
+----------------+-------+----------------------------------------------------------------+
; NCYCLES        ; 10    ; Signed Integer                                                 ;
+----------------+-------+----------------------------------------------------------------+
Note: In order to hide this table in the UI and the text report file, please set the "Show Parameter Settings in Synthesis Report" option in "Analysis and Synthesis Settings -> More Settings" to "Off".


+-------------------------------------------------------------------------------------------+
; Parameter Settings for User Entity Instance: var_clk:clockGenerator|pclock:counter_100kHz ;
+----------------+-------+------------------------------------------------------------------+
; Parameter Name ; Value ; Type                                                             ;
+----------------+-------+------------------------------------------------------------------+
; NCYCLES        ; 10    ; Signed Integer                                                   ;
+----------------+-------+------------------------------------------------------------------+
Note: In order to hide this table in the UI and the text report file, please set the "Show Parameter Settings in Synthesis Report" option in "Analysis and Synthesis Settings -> More Settings" to "Off".


+------------------------------------------------------------------------------------------+
; Parameter Settings for User Entity Instance: var_clk:clockGenerator|pclock:counter_10kHz ;
+----------------+-------+-----------------------------------------------------------------+
; Parameter Name ; Value ; Type                                                            ;
+----------------+-------+-----------------------------------------------------------------+
; NCYCLES        ; 10    ; Signed Integer                                                  ;
+----------------+-------+-----------------------------------------------------------------+
Note: In order to hide this table in the UI and the text report file, please set the "Show Parameter Settings in Synthesis Report" option in "Analysis and Synthesis Settings -> More Settings" to "Off".


+-----------------------------------------------------------------------------------------+
; Parameter Settings for User Entity Instance: var_clk:clockGenerator|pclock:counter_1kHz ;
+----------------+-------+----------------------------------------------------------------+
; Parameter Name ; Value ; Type                                                           ;
+----------------+-------+----------------------------------------------------------------+
; NCYCLES        ; 10    ; Signed Integer                                                 ;
+----------------+-------+----------------------------------------------------------------+
Note: In order to hide this table in the UI and the text report file, please set the "Show Parameter Settings in Synthesis Report" option in "Analysis and Synthesis Settings -> More Settings" to "Off".


+------------------------------------------------------------------------------------------+
; Parameter Settings for User Entity Instance: var_clk:clockGenerator|pclock:counter_100Hz ;
+----------------+-------+-----------------------------------------------------------------+
; Parameter Name ; Value ; Type                                                            ;
+----------------+-------+-----------------------------------------------------------------+
; NCYCLES        ; 10    ; Signed Integer                                                  ;
+----------------+-------+-----------------------------------------------------------------+
Note: In order to hide this table in the UI and the text report file, please set the "Show Parameter Settings in Synthesis Report" option in "Analysis and Synthesis Settings -> More Settings" to "Off".


+-----------------------------------------------------------------------------------------+
; Parameter Settings for User Entity Instance: var_clk:clockGenerator|pclock:counter_10Hz ;
+----------------+-------+----------------------------------------------------------------+
; Parameter Name ; Value ; Type                                                           ;
+----------------+-------+----------------------------------------------------------------+
; NCYCLES        ; 10    ; Signed Integer                                                 ;
+----------------+-------+----------------------------------------------------------------+
Note: In order to hide this table in the UI and the text report file, please set the "Show Parameter Settings in Synthesis Report" option in "Analysis and Synthesis Settings -> More Settings" to "Off".


+----------------------------------------------------------------------------------------+
; Parameter Settings for User Entity Instance: var_clk:clockGenerator|pclock:counter_1Hz ;
+----------------+-------+---------------------------------------------------------------+
; Parameter Name ; Value ; Type                                                          ;
+----------------+-------+---------------------------------------------------------------+
; NCYCLES        ; 10    ; Signed Integer                                                ;
+----------------+-------+---------------------------------------------------------------+
Note: In order to hide this table in the UI and the text report file, please set the "Show Parameter Settings in Synthesis Report" option in "Analysis and Synthesis Settings -> More Settings" to "Off".


+-------------------------------------------------------------------------------------------------------------------+
; Port Connectivity Checks: "var_clk:clockGenerator|pclock:counter_1Hz"                                             ;
+---------+--------+----------+-------------------------------------------------------------------------------------+
; Port    ; Type   ; Severity ; Details                                                                             ;
+---------+--------+----------+-------------------------------------------------------------------------------------+
; rco_out ; Output ; Info     ; Connected to dangling logic. Logic that only feeds a dangling port will be removed. ;
+---------+--------+----------+-------------------------------------------------------------------------------------+


+-------------------------------------------------------------------------+
; Port Connectivity Checks: "var_clk:clockGenerator|pclock:counter_10MHz" ;
+------+-------+----------+-----------------------------------------------+
; Port ; Type  ; Severity ; Details                                       ;
+------+-------+----------+-----------------------------------------------+
; EN   ; Input ; Info     ; Stuck at VCC                                  ;
+------+-------+----------+-----------------------------------------------+


+---------------------------------------------------------------+
; Port Connectivity Checks: "lab3:theLab|tcounter:centicounter" ;
+------+-------+----------+-------------------------------------+
; Port ; Type  ; Severity ; Details                             ;
+------+-------+----------+-------------------------------------+
; ENT  ; Input ; Info     ; Stuck at VCC                        ;
+------+-------+----------+-------------------------------------+


+-------------------------------------------------------------------------------------------------------------------------------------+
; Port Connectivity Checks: "lab3:theLab"                                                                                             ;
+------+--------+----------+----------------------------------------------------------------------------------------------------------+
; Port ; Type   ; Severity ; Details                                                                                                  ;
+------+--------+----------+----------------------------------------------------------------------------------------------------------+
; TIME ; Output ; Warning  ; Declared by entity but not connected by instance. Logic that only feeds a dangling port will be removed. ;
+------+--------+----------+----------------------------------------------------------------------------------------------------------+


+-----------------------------------------------------+
; Post-Synthesis Netlist Statistics for Top Partition ;
+-----------------------+-----------------------------+
; Type                  ; Count                       ;
+-----------------------+-----------------------------+
; arriav_ff             ; 52                          ;
;     ENA               ; 28                          ;
;     plain             ; 24                          ;
; arriav_lcell_comb     ; 128                         ;
;     extend            ; 3                           ;
;         7 data inputs ; 3                           ;
;     normal            ; 125                         ;
;         0 data inputs ; 2                           ;
;         1 data inputs ; 5                           ;
;         2 data inputs ; 3                           ;
;         3 data inputs ; 15                          ;
;         4 data inputs ; 75                          ;
;         5 data inputs ; 11                          ;
;         6 data inputs ; 14                          ;
; boundary_port         ; 68                          ;
;                       ;                             ;
; Max LUT depth         ; 3.00                        ;
; Average LUT depth     ; 2.02                        ;
+-----------------------+-----------------------------+


+-------------------------------+
; Elapsed Time Per Partition    ;
+----------------+--------------+
; Partition Name ; Elapsed Time ;
+----------------+--------------+
; Top            ; 00:00:01     ;
+----------------+--------------+


+-------------------------------+
; Analysis & Synthesis Messages ;
+-------------------------------+
Info: *******************************************************************
Info: Running Quartus II 64-Bit Analysis & Synthesis
    Info: Version 15.0.0 Build 145 04/22/2015 SJ Web Edition
    Info: Processing started: Mon Mar 12 19:24:19 2018
Info: Command: quartus_map --read_settings_files=on --write_settings_files=off lab3 -c lab3
Info (11104): Parallel Compilation has detected 4 hyper-threaded processors. However, the extra hyper-threaded processors will not be used by default. Parallel Compilation will use 2 of the 2 physical processors detected instead.
Info (12021): Found 1 design units, including 1 entities, in source file sega.v
    Info (12023): Found entity 1: sega
Info (12021): Found 1 design units, including 1 entities, in source file treg4bit.v
    Info (12023): Found entity 1: treg4bit
Info (12021): Found 1 design units, including 1 entities, in source file tffp.v
    Info (12023): Found entity 1: tffp
Info (12021): Found 1 design units, including 1 entities, in source file hex_to_seven_seg.v
    Info (12023): Found entity 1: hex_to_seven_seg
Info (12021): Found 1 design units, including 1 entities, in source file lab3.v
    Info (12023): Found entity 1: lab3
Info (12021): Found 2 design units, including 2 entities, in source file var_clk.v
    Info (12023): Found entity 1: var_clk
    Info (12023): Found entity 2: pclock
Info (12021): Found 1 design units, including 1 entities, in source file lab3_test.v
    Info (12023): Found entity 1: lab3_test
Info (12021): Found 1 design units, including 1 entities, in source file lab3_top.v
    Info (12023): Found entity 1: lab3_top
Info (12021): Found 1 design units, including 1 entities, in source file tcounter.v
    Info (12023): Found entity 1: tcounter
Info (12127): Elaborating entity "lab3_top" for the top level hierarchy
Warning (10034): Output port "LEDR" at lab3_top.v(7) has no driver
Info (12128): Elaborating entity "lab3" for hierarchy "lab3:theLab"
Info (12128): Elaborating entity "tcounter" for hierarchy "lab3:theLab|tcounter:centicounter"
Info (12128): Elaborating entity "treg4bit" for hierarchy "lab3:theLab|tcounter:centicounter|treg4bit:register"
Info (12128): Elaborating entity "tffp" for hierarchy "lab3:theLab|tcounter:centicounter|treg4bit:register|tffp:tffp0"
Info (12128): Elaborating entity "var_clk" for hierarchy "var_clk:clockGenerator"
Info (12128): Elaborating entity "pclock" for hierarchy "var_clk:clockGenerator|pclock:counter_10MHz"
Info (12128): Elaborating entity "pclock" for hierarchy "var_clk:clockGenerator|pclock:counter_1MHz"
Info (12128): Elaborating entity "hex_to_seven_seg" for hierarchy "hex_to_seven_seg:minDisplay"
Info (13014): Ignored 20 buffer(s)
    Info (13019): Ignored 20 SOFT buffer(s)
Warning (12241): 1 hierarchies have connectivity warnings - see the Connectivity Checks report folder
Warning (13024): Output pins are stuck at VCC or GND
    Warning (13410): Pin "LEDR[0]" is stuck at GND
    Warning (13410): Pin "LEDR[1]" is stuck at GND
    Warning (13410): Pin "LEDR[2]" is stuck at GND
    Warning (13410): Pin "LEDR[3]" is stuck at GND
    Warning (13410): Pin "LEDR[4]" is stuck at GND
    Warning (13410): Pin "LEDR[5]" is stuck at GND
    Warning (13410): Pin "LEDR[6]" is stuck at GND
    Warning (13410): Pin "LEDR[7]" is stuck at GND
    Warning (13410): Pin "LEDR[8]" is stuck at GND
    Warning (13410): Pin "LEDR[9]" is stuck at GND
    Warning (13410): Pin "HEX5[0]" is stuck at VCC
    Warning (13410): Pin "HEX5[1]" is stuck at VCC
    Warning (13410): Pin "HEX5[2]" is stuck at VCC
    Warning (13410): Pin "HEX5[3]" is stuck at VCC
    Warning (13410): Pin "HEX5[4]" is stuck at VCC
    Warning (13410): Pin "HEX5[5]" is stuck at VCC
    Warning (13410): Pin "HEX5[6]" is stuck at VCC
Info (286030): Timing-Driven Synthesis is running
Info (16010): Generating hard_block partition "hard_block:auto_generated_inst"
    Info (16011): Adding 0 node(s), including 0 DDIO, 0 PLL, 0 transceiver and 0 LCELL
Warning (21074): Design contains 10 input pin(s) that do not drive logic
    Warning (15610): No output dependent on input pin "SW[1]"
    Warning (15610): No output dependent on input pin "SW[2]"
    Warning (15610): No output dependent on input pin "SW[3]"
    Warning (15610): No output dependent on input pin "SW[4]"
    Warning (15610): No output dependent on input pin "SW[5]"
    Warning (15610): No output dependent on input pin "SW[6]"
    Warning (15610): No output dependent on input pin "KEY[0]"
    Warning (15610): No output dependent on input pin "KEY[1]"
    Warning (15610): No output dependent on input pin "KEY[2]"
    Warning (15610): No output dependent on input pin "KEY[3]"
Info (21057): Implemented 189 device resources after synthesis - the final resource count might be different
    Info (21058): Implemented 16 input pins
    Info (21059): Implemented 52 output pins
    Info (21061): Implemented 121 logic cells
Info: Quartus II 64-Bit Analysis & Synthesis was successful. 0 errors, 31 warnings
    Info: Peak virtual memory: 786 megabytes
    Info: Processing ended: Mon Mar 12 19:24:40 2018
    Info: Elapsed time: 00:00:21
    Info: Total CPU time (on all processors): 00:00:37


