------------------------------------------------------------
TimeQuest Timing Analyzer Summary
------------------------------------------------------------

Type  : Slow 1100mV 85C Model Setup 'CLK'
Slack : -0.787
TNS   : -0.787

Type  : Slow 1100mV 85C Model Hold 'CLK'
Slack : 0.051
TNS   : 0.000

Type  : Slow 1100mV 85C Model Minimum Pulse Width 'CLK'
Slack : -0.538
TNS   : -0.850

Type  : Slow 1100mV 0C Model Setup 'CLK'
Slack : -0.755
TNS   : -0.755

Type  : Slow 1100mV 0C Model Hold 'CLK'
Slack : 0.024
TNS   : 0.000

Type  : Slow 1100mV 0C Model Minimum Pulse Width 'CLK'
Slack : -0.538
TNS   : -0.855

Type  : Fast 1100mV 85C Model Setup 'CLK'
Slack : -0.037
TNS   : -0.037

Type  : Fast 1100mV 85C Model Hold 'CLK'
Slack : -0.011
TNS   : -0.011

Type  : Fast 1100mV 85C Model Minimum Pulse Width 'CLK'
Slack : -0.304
TNS   : -0.304

Type  : Fast 1100mV 0C Model Setup 'CLK'
Slack : 0.006
TNS   : 0.000

Type  : Fast 1100mV 0C Model Hold 'CLK'
Slack : -0.032
TNS   : -0.032

Type  : Fast 1100mV 0C Model Minimum Pulse Width 'CLK'
Slack : -0.302
TNS   : -0.302

------------------------------------------------------------
